Archive member included to satisfy reference by file (symbol)

/mnt/d/gcc-arm-none-eabi-8-2018-q4-major/bin/../lib/gcc/arm-none-eabi/8.2.1/../../../../arm-none-eabi/lib/thumb/v7-m/nofp/libc_nano.a(lib_a-exit.o)
                              /mnt/d/gcc-arm-none-eabi-8-2018-q4-major/bin/../lib/gcc/arm-none-eabi/8.2.1/../../../../arm-none-eabi/lib/thumb/v7-m/nofp/crt0.o (exit)
/mnt/d/gcc-arm-none-eabi-8-2018-q4-major/bin/../lib/gcc/arm-none-eabi/8.2.1/../../../../arm-none-eabi/lib/thumb/v7-m/nofp/libc_nano.a(lib_a-impure.o)
                              /mnt/d/gcc-arm-none-eabi-8-2018-q4-major/bin/../lib/gcc/arm-none-eabi/8.2.1/../../../../arm-none-eabi/lib/thumb/v7-m/nofp/libc_nano.a(lib_a-exit.o) (_global_impure_ptr)
/mnt/d/gcc-arm-none-eabi-8-2018-q4-major/bin/../lib/gcc/arm-none-eabi/8.2.1/../../../../arm-none-eabi/lib/thumb/v7-m/nofp/libc_nano.a(lib_a-init.o)
                              /mnt/d/gcc-arm-none-eabi-8-2018-q4-major/bin/../lib/gcc/arm-none-eabi/8.2.1/../../../../arm-none-eabi/lib/thumb/v7-m/nofp/crt0.o (__libc_init_array)
/mnt/d/gcc-arm-none-eabi-8-2018-q4-major/bin/../lib/gcc/arm-none-eabi/8.2.1/../../../../arm-none-eabi/lib/thumb/v7-m/nofp/libc_nano.a(lib_a-memset.o)
                              /mnt/d/gcc-arm-none-eabi-8-2018-q4-major/bin/../lib/gcc/arm-none-eabi/8.2.1/../../../../arm-none-eabi/lib/thumb/v7-m/nofp/crt0.o (memset)
/mnt/d/gcc-arm-none-eabi-8-2018-q4-major/bin/../lib/gcc/arm-none-eabi/8.2.1/../../../../arm-none-eabi/lib/thumb/v7-m/nofp/libnosys.a(_exit.o)
                              /mnt/d/gcc-arm-none-eabi-8-2018-q4-major/bin/../lib/gcc/arm-none-eabi/8.2.1/../../../../arm-none-eabi/lib/thumb/v7-m/nofp/libc_nano.a(lib_a-exit.o) (_exit)

Allocating common symbols
Common symbol       size              file

uwTick              0x4               build/stm32f1xx_hal.o
pFlash              0x20              build/stm32f1xx_hal_flash.o

Discarded input sections

 .text          0x0000000000000000        0x0 /mnt/d/gcc-arm-none-eabi-8-2018-q4-major/bin/../lib/gcc/arm-none-eabi/8.2.1/thumb/v7-m/nofp/crti.o
 .data          0x0000000000000000        0x0 /mnt/d/gcc-arm-none-eabi-8-2018-q4-major/bin/../lib/gcc/arm-none-eabi/8.2.1/thumb/v7-m/nofp/crti.o
 .bss           0x0000000000000000        0x0 /mnt/d/gcc-arm-none-eabi-8-2018-q4-major/bin/../lib/gcc/arm-none-eabi/8.2.1/thumb/v7-m/nofp/crti.o
 .data          0x0000000000000000        0x4 /mnt/d/gcc-arm-none-eabi-8-2018-q4-major/bin/../lib/gcc/arm-none-eabi/8.2.1/thumb/v7-m/nofp/crtbegin.o
 .text          0x0000000000000000       0x74 /mnt/d/gcc-arm-none-eabi-8-2018-q4-major/bin/../lib/gcc/arm-none-eabi/8.2.1/../../../../arm-none-eabi/lib/thumb/v7-m/nofp/crt0.o
 .data          0x0000000000000000        0x0 /mnt/d/gcc-arm-none-eabi-8-2018-q4-major/bin/../lib/gcc/arm-none-eabi/8.2.1/../../../../arm-none-eabi/lib/thumb/v7-m/nofp/crt0.o
 .bss           0x0000000000000000        0x0 /mnt/d/gcc-arm-none-eabi-8-2018-q4-major/bin/../lib/gcc/arm-none-eabi/8.2.1/../../../../arm-none-eabi/lib/thumb/v7-m/nofp/crt0.o
 .ARM.extab     0x0000000000000000        0x0 /mnt/d/gcc-arm-none-eabi-8-2018-q4-major/bin/../lib/gcc/arm-none-eabi/8.2.1/../../../../arm-none-eabi/lib/thumb/v7-m/nofp/crt0.o
 .ARM.exidx     0x0000000000000000        0x8 /mnt/d/gcc-arm-none-eabi-8-2018-q4-major/bin/../lib/gcc/arm-none-eabi/8.2.1/../../../../arm-none-eabi/lib/thumb/v7-m/nofp/crt0.o
 .ARM.attributes
                0x0000000000000000       0x1b /mnt/d/gcc-arm-none-eabi-8-2018-q4-major/bin/../lib/gcc/arm-none-eabi/8.2.1/../../../../arm-none-eabi/lib/thumb/v7-m/nofp/crt0.o
 .text          0x0000000000000000        0x0 build/main.o
 .data          0x0000000000000000        0x0 build/main.o
 .bss           0x0000000000000000        0x0 build/main.o
 .text          0x0000000000000000        0x0 build/stm32f1xx_it.o
 .data          0x0000000000000000        0x0 build/stm32f1xx_it.o
 .bss           0x0000000000000000        0x0 build/stm32f1xx_it.o
 .text          0x0000000000000000        0x0 build/stm32f1xx_hal_msp.o
 .data          0x0000000000000000        0x0 build/stm32f1xx_hal_msp.o
 .bss           0x0000000000000000        0x0 build/stm32f1xx_hal_msp.o
 .text          0x0000000000000000        0x0 build/stm32f1xx_hal_gpio_ex.o
 .data          0x0000000000000000        0x0 build/stm32f1xx_hal_gpio_ex.o
 .bss           0x0000000000000000        0x0 build/stm32f1xx_hal_gpio_ex.o
 .text.HAL_GPIOEx_ConfigEventout
                0x0000000000000000       0x2c build/stm32f1xx_hal_gpio_ex.o
 .text.HAL_GPIOEx_EnableEventout
                0x0000000000000000       0x1c build/stm32f1xx_hal_gpio_ex.o
 .text.HAL_GPIOEx_DisableEventout
                0x0000000000000000       0x1c build/stm32f1xx_hal_gpio_ex.o
 .debug_info    0x0000000000000000      0xbe3 build/stm32f1xx_hal_gpio_ex.o
 .debug_abbrev  0x0000000000000000      0x1fd build/stm32f1xx_hal_gpio_ex.o
 .debug_loc     0x0000000000000000       0xe4 build/stm32f1xx_hal_gpio_ex.o
 .debug_aranges
                0x0000000000000000       0x30 build/stm32f1xx_hal_gpio_ex.o
 .debug_ranges  0x0000000000000000       0x20 build/stm32f1xx_hal_gpio_ex.o
 .debug_line    0x0000000000000000      0x26f build/stm32f1xx_hal_gpio_ex.o
 .debug_str     0x0000000000000000      0x708 build/stm32f1xx_hal_gpio_ex.o
 .comment       0x0000000000000000       0x76 build/stm32f1xx_hal_gpio_ex.o
 .debug_frame   0x0000000000000000       0x80 build/stm32f1xx_hal_gpio_ex.o
 .ARM.attributes
                0x0000000000000000       0x2d build/stm32f1xx_hal_gpio_ex.o
 .text          0x0000000000000000        0x0 build/stm32f1xx_hal_tim.o
 .data          0x0000000000000000        0x0 build/stm32f1xx_hal_tim.o
 .bss           0x0000000000000000        0x0 build/stm32f1xx_hal_tim.o
 .debug_info    0x0000000000000000      0xaf1 build/stm32f1xx_hal_tim.o
 .debug_abbrev  0x0000000000000000      0x1b2 build/stm32f1xx_hal_tim.o
 .debug_aranges
                0x0000000000000000       0x18 build/stm32f1xx_hal_tim.o
 .debug_line    0x0000000000000000      0x1da build/stm32f1xx_hal_tim.o
 .debug_str     0x0000000000000000      0x668 build/stm32f1xx_hal_tim.o
 .comment       0x0000000000000000       0x76 build/stm32f1xx_hal_tim.o
 .ARM.attributes
                0x0000000000000000       0x33 build/stm32f1xx_hal_tim.o
 .text          0x0000000000000000        0x0 build/stm32f1xx_hal_tim_ex.o
 .data          0x0000000000000000        0x0 build/stm32f1xx_hal_tim_ex.o
 .bss           0x0000000000000000        0x0 build/stm32f1xx_hal_tim_ex.o
 .debug_info    0x0000000000000000      0xaf1 build/stm32f1xx_hal_tim_ex.o
 .debug_abbrev  0x0000000000000000      0x1b2 build/stm32f1xx_hal_tim_ex.o
 .debug_aranges
                0x0000000000000000       0x18 build/stm32f1xx_hal_tim_ex.o
 .debug_line    0x0000000000000000      0x1da build/stm32f1xx_hal_tim_ex.o
 .debug_str     0x0000000000000000      0x66b build/stm32f1xx_hal_tim_ex.o
 .comment       0x0000000000000000       0x76 build/stm32f1xx_hal_tim_ex.o
 .ARM.attributes
                0x0000000000000000       0x33 build/stm32f1xx_hal_tim_ex.o
 .text          0x0000000000000000        0x0 build/stm32f1xx_hal.o
 .data          0x0000000000000000        0x0 build/stm32f1xx_hal.o
 .bss           0x0000000000000000        0x0 build/stm32f1xx_hal.o
 .text.HAL_DeInit
                0x0000000000000000       0x30 build/stm32f1xx_hal.o
 .text.HAL_MspInit
                0x0000000000000000        0xc build/stm32f1xx_hal.o
 .text.HAL_MspDeInit
                0x0000000000000000        0xc build/stm32f1xx_hal.o
 .text.HAL_GetTickPrio
                0x0000000000000000       0x14 build/stm32f1xx_hal.o
 .text.HAL_SetTickFreq
                0x0000000000000000       0x40 build/stm32f1xx_hal.o
 .text.HAL_GetTickFreq
                0x0000000000000000       0x14 build/stm32f1xx_hal.o
 .text.HAL_Delay
                0x0000000000000000       0x44 build/stm32f1xx_hal.o
 .text.HAL_SuspendTick
                0x0000000000000000       0x1c build/stm32f1xx_hal.o
 .text.HAL_ResumeTick
                0x0000000000000000       0x1c build/stm32f1xx_hal.o
 .text.HAL_GetHalVersion
                0x0000000000000000       0x14 build/stm32f1xx_hal.o
 .text.HAL_GetREVID
                0x0000000000000000       0x18 build/stm32f1xx_hal.o
 .text.HAL_GetDEVID
                0x0000000000000000       0x18 build/stm32f1xx_hal.o
 .text.HAL_DBGMCU_EnableDBGSleepMode
                0x0000000000000000       0x1c build/stm32f1xx_hal.o
 .text.HAL_DBGMCU_DisableDBGSleepMode
                0x0000000000000000       0x1c build/stm32f1xx_hal.o
 .text.HAL_DBGMCU_EnableDBGStopMode
                0x0000000000000000       0x1c build/stm32f1xx_hal.o
 .text.HAL_DBGMCU_DisableDBGStopMode
                0x0000000000000000       0x1c build/stm32f1xx_hal.o
 .text.HAL_DBGMCU_EnableDBGStandbyMode
                0x0000000000000000       0x1c build/stm32f1xx_hal.o
 .text.HAL_DBGMCU_DisableDBGStandbyMode
                0x0000000000000000       0x1c build/stm32f1xx_hal.o
 .text.HAL_GetUID
                0x0000000000000000       0x3c build/stm32f1xx_hal.o
 .text          0x0000000000000000        0x0 build/stm32f1xx_hal_rcc.o
 .data          0x0000000000000000        0x0 build/stm32f1xx_hal_rcc.o
 .bss           0x0000000000000000        0x0 build/stm32f1xx_hal_rcc.o
 .text.HAL_RCC_DeInit
                0x0000000000000000      0x12c build/stm32f1xx_hal_rcc.o
 .text.HAL_RCC_MCOConfig
                0x0000000000000000       0x70 build/stm32f1xx_hal_rcc.o
 .text.HAL_RCC_EnableCSS
                0x0000000000000000       0x18 build/stm32f1xx_hal_rcc.o
 .text.HAL_RCC_DisableCSS
                0x0000000000000000       0x18 build/stm32f1xx_hal_rcc.o
 .text.HAL_RCC_GetHCLKFreq
                0x0000000000000000       0x14 build/stm32f1xx_hal_rcc.o
 .text.HAL_RCC_GetPCLK1Freq
                0x0000000000000000       0x28 build/stm32f1xx_hal_rcc.o
 .text.HAL_RCC_GetPCLK2Freq
                0x0000000000000000       0x28 build/stm32f1xx_hal_rcc.o
 .text.HAL_RCC_GetOscConfig
                0x0000000000000000      0x104 build/stm32f1xx_hal_rcc.o
 .text.HAL_RCC_GetClockConfig
                0x0000000000000000       0x60 build/stm32f1xx_hal_rcc.o
 .text.HAL_RCC_NMI_IRQHandler
                0x0000000000000000       0x28 build/stm32f1xx_hal_rcc.o
 .text.HAL_RCC_CSSCallback
                0x0000000000000000        0xc build/stm32f1xx_hal_rcc.o
 .text          0x0000000000000000        0x0 build/stm32f1xx_hal_rcc_ex.o
 .data          0x0000000000000000        0x0 build/stm32f1xx_hal_rcc_ex.o
 .bss           0x0000000000000000        0x0 build/stm32f1xx_hal_rcc_ex.o
 .text.HAL_RCCEx_PeriphCLKConfig
                0x0000000000000000      0x16c build/stm32f1xx_hal_rcc_ex.o
 .text.HAL_RCCEx_GetPeriphCLKConfig
                0x0000000000000000       0x84 build/stm32f1xx_hal_rcc_ex.o
 .rodata        0x0000000000000000       0x12 build/stm32f1xx_hal_rcc_ex.o
 .text.HAL_RCCEx_GetPeriphCLKFreq
                0x0000000000000000      0x1d4 build/stm32f1xx_hal_rcc_ex.o
 .debug_info    0x0000000000000000      0xe51 build/stm32f1xx_hal_rcc_ex.o
 .debug_abbrev  0x0000000000000000      0x275 build/stm32f1xx_hal_rcc_ex.o
 .debug_loc     0x0000000000000000       0xfe build/stm32f1xx_hal_rcc_ex.o
 .debug_aranges
                0x0000000000000000       0x30 build/stm32f1xx_hal_rcc_ex.o
 .debug_ranges  0x0000000000000000       0x20 build/stm32f1xx_hal_rcc_ex.o
 .debug_line    0x0000000000000000      0x46a build/stm32f1xx_hal_rcc_ex.o
 .debug_str     0x0000000000000000      0x877 build/stm32f1xx_hal_rcc_ex.o
 .comment       0x0000000000000000       0x76 build/stm32f1xx_hal_rcc_ex.o
 .debug_frame   0x0000000000000000       0x8c build/stm32f1xx_hal_rcc_ex.o
 .ARM.attributes
                0x0000000000000000       0x2d build/stm32f1xx_hal_rcc_ex.o
 .text          0x0000000000000000        0x0 build/stm32f1xx_hal_gpio.o
 .data          0x0000000000000000        0x0 build/stm32f1xx_hal_gpio.o
 .bss           0x0000000000000000        0x0 build/stm32f1xx_hal_gpio.o
 .text.HAL_GPIO_Init
                0x0000000000000000      0x2dc build/stm32f1xx_hal_gpio.o
 .text.HAL_GPIO_DeInit
                0x0000000000000000      0x1a4 build/stm32f1xx_hal_gpio.o
 .text.HAL_GPIO_ReadPin
                0x0000000000000000       0x2e build/stm32f1xx_hal_gpio.o
 .text.HAL_GPIO_WritePin
                0x0000000000000000       0x30 build/stm32f1xx_hal_gpio.o
 .text.HAL_GPIO_TogglePin
                0x0000000000000000       0x22 build/stm32f1xx_hal_gpio.o
 .text.HAL_GPIO_LockPin
                0x0000000000000000       0x4e build/stm32f1xx_hal_gpio.o
 .text.HAL_GPIO_EXTI_IRQHandler
                0x0000000000000000       0x30 build/stm32f1xx_hal_gpio.o
 .text.HAL_GPIO_EXTI_Callback
                0x0000000000000000       0x14 build/stm32f1xx_hal_gpio.o
 .debug_info    0x0000000000000000     0x10f6 build/stm32f1xx_hal_gpio.o
 .debug_abbrev  0x0000000000000000      0x2a2 build/stm32f1xx_hal_gpio.o
 .debug_loc     0x0000000000000000      0x2d4 build/stm32f1xx_hal_gpio.o
 .debug_aranges
                0x0000000000000000       0x58 build/stm32f1xx_hal_gpio.o
 .debug_ranges  0x0000000000000000       0x48 build/stm32f1xx_hal_gpio.o
 .debug_line    0x0000000000000000      0x60c build/stm32f1xx_hal_gpio.o
 .debug_str     0x0000000000000000      0x8b7 build/stm32f1xx_hal_gpio.o
 .comment       0x0000000000000000       0x76 build/stm32f1xx_hal_gpio.o
 .debug_frame   0x0000000000000000      0x154 build/stm32f1xx_hal_gpio.o
 .ARM.attributes
                0x0000000000000000       0x2d build/stm32f1xx_hal_gpio.o
 .text          0x0000000000000000        0x0 build/stm32f1xx_hal_dma.o
 .data          0x0000000000000000        0x0 build/stm32f1xx_hal_dma.o
 .bss           0x0000000000000000        0x0 build/stm32f1xx_hal_dma.o
 .text.HAL_DMA_Init
                0x0000000000000000       0xec build/stm32f1xx_hal_dma.o
 .text.HAL_DMA_DeInit
                0x0000000000000000       0xf0 build/stm32f1xx_hal_dma.o
 .text.HAL_DMA_Start
                0x0000000000000000       0x84 build/stm32f1xx_hal_dma.o
 .text.HAL_DMA_Start_IT
                0x0000000000000000       0xbe build/stm32f1xx_hal_dma.o
 .text.HAL_DMA_Abort
                0x0000000000000000       0x58 build/stm32f1xx_hal_dma.o
 .text.HAL_DMA_Abort_IT
                0x0000000000000000      0x210 build/stm32f1xx_hal_dma.o
 .text.HAL_DMA_PollForTransfer
                0x0000000000000000      0x77c build/stm32f1xx_hal_dma.o
 .text.HAL_DMA_IRQHandler
                0x0000000000000000      0x478 build/stm32f1xx_hal_dma.o
 .text.HAL_DMA_RegisterCallback
                0x0000000000000000       0x90 build/stm32f1xx_hal_dma.o
 .text.HAL_DMA_UnRegisterCallback
                0x0000000000000000       0xac build/stm32f1xx_hal_dma.o
 .text.HAL_DMA_GetState
                0x0000000000000000       0x18 build/stm32f1xx_hal_dma.o
 .text.HAL_DMA_GetError
                0x0000000000000000       0x16 build/stm32f1xx_hal_dma.o
 .text.DMA_SetConfig
                0x0000000000000000       0x5a build/stm32f1xx_hal_dma.o
 .debug_info    0x0000000000000000     0x1212 build/stm32f1xx_hal_dma.o
 .debug_abbrev  0x0000000000000000      0x2c2 build/stm32f1xx_hal_dma.o
 .debug_loc     0x0000000000000000      0x470 build/stm32f1xx_hal_dma.o
 .debug_aranges
                0x0000000000000000       0x80 build/stm32f1xx_hal_dma.o
 .debug_ranges  0x0000000000000000       0x70 build/stm32f1xx_hal_dma.o
 .debug_line    0x0000000000000000      0xe31 build/stm32f1xx_hal_dma.o
 .debug_str     0x0000000000000000      0xaa2 build/stm32f1xx_hal_dma.o
 .comment       0x0000000000000000       0x76 build/stm32f1xx_hal_dma.o
 .debug_frame   0x0000000000000000      0x218 build/stm32f1xx_hal_dma.o
 .ARM.attributes
                0x0000000000000000       0x2d build/stm32f1xx_hal_dma.o
 .text          0x0000000000000000        0x0 build/stm32f1xx_hal_cortex.o
 .data          0x0000000000000000        0x0 build/stm32f1xx_hal_cortex.o
 .bss           0x0000000000000000        0x0 build/stm32f1xx_hal_cortex.o
 .text.NVIC_EnableIRQ
                0x0000000000000000       0x30 build/stm32f1xx_hal_cortex.o
 .text.NVIC_DisableIRQ
                0x0000000000000000       0x34 build/stm32f1xx_hal_cortex.o
 .text.NVIC_GetPendingIRQ
                0x0000000000000000       0x34 build/stm32f1xx_hal_cortex.o
 .text.NVIC_SetPendingIRQ
                0x0000000000000000       0x34 build/stm32f1xx_hal_cortex.o
 .text.NVIC_ClearPendingIRQ
                0x0000000000000000       0x34 build/stm32f1xx_hal_cortex.o
 .text.NVIC_GetActive
                0x0000000000000000       0x34 build/stm32f1xx_hal_cortex.o
 .text.NVIC_GetPriority
                0x0000000000000000       0x4c build/stm32f1xx_hal_cortex.o
 .text.NVIC_DecodePriority
                0x0000000000000000       0x6c build/stm32f1xx_hal_cortex.o
 .text.NVIC_SystemReset
                0x0000000000000000       0x28 build/stm32f1xx_hal_cortex.o
 .text.HAL_NVIC_EnableIRQ
                0x0000000000000000       0x1c build/stm32f1xx_hal_cortex.o
 .text.HAL_NVIC_DisableIRQ
                0x0000000000000000       0x1c build/stm32f1xx_hal_cortex.o
 .text.HAL_NVIC_SystemReset
                0x0000000000000000        0xc build/stm32f1xx_hal_cortex.o
 .text.HAL_NVIC_GetPriorityGrouping
                0x0000000000000000        0xe build/stm32f1xx_hal_cortex.o
 .text.HAL_NVIC_GetPriority
                0x0000000000000000       0x2c build/stm32f1xx_hal_cortex.o
 .text.HAL_NVIC_SetPendingIRQ
                0x0000000000000000       0x1c build/stm32f1xx_hal_cortex.o
 .text.HAL_NVIC_GetPendingIRQ
                0x0000000000000000       0x1e build/stm32f1xx_hal_cortex.o
 .text.HAL_NVIC_ClearPendingIRQ
                0x0000000000000000       0x1c build/stm32f1xx_hal_cortex.o
 .text.HAL_NVIC_GetActive
                0x0000000000000000       0x1e build/stm32f1xx_hal_cortex.o
 .text.HAL_SYSTICK_CLKSourceConfig
                0x0000000000000000       0x38 build/stm32f1xx_hal_cortex.o
 .text.HAL_SYSTICK_IRQHandler
                0x0000000000000000        0xc build/stm32f1xx_hal_cortex.o
 .text.HAL_SYSTICK_Callback
                0x0000000000000000        0xc build/stm32f1xx_hal_cortex.o
 .text          0x0000000000000000        0x0 build/stm32f1xx_hal_pwr.o
 .data          0x0000000000000000        0x0 build/stm32f1xx_hal_pwr.o
 .bss           0x0000000000000000        0x0 build/stm32f1xx_hal_pwr.o
 .text.PWR_OverloadWfe
                0x0000000000000000       0x10 build/stm32f1xx_hal_pwr.o
 .text.HAL_PWR_DeInit
                0x0000000000000000       0x28 build/stm32f1xx_hal_pwr.o
 .text.HAL_PWR_EnableBkUpAccess
                0x0000000000000000       0x18 build/stm32f1xx_hal_pwr.o
 .text.HAL_PWR_DisableBkUpAccess
                0x0000000000000000       0x18 build/stm32f1xx_hal_pwr.o
 .text.HAL_PWR_ConfigPVD
                0x0000000000000000       0xbc build/stm32f1xx_hal_pwr.o
 .text.HAL_PWR_EnablePVD
                0x0000000000000000       0x18 build/stm32f1xx_hal_pwr.o
 .text.HAL_PWR_DisablePVD
                0x0000000000000000       0x18 build/stm32f1xx_hal_pwr.o
 .text.HAL_PWR_EnableWakeUpPin
                0x0000000000000000       0x38 build/stm32f1xx_hal_pwr.o
 .text.HAL_PWR_DisableWakeUpPin
                0x0000000000000000       0x38 build/stm32f1xx_hal_pwr.o
 .text.HAL_PWR_EnterSLEEPMode
                0x0000000000000000       0x38 build/stm32f1xx_hal_pwr.o
 .text.HAL_PWR_EnterSTOPMode
                0x0000000000000000       0x64 build/stm32f1xx_hal_pwr.o
 .text.HAL_PWR_EnterSTANDBYMode
                0x0000000000000000       0x30 build/stm32f1xx_hal_pwr.o
 .text.HAL_PWR_EnableSleepOnExit
                0x0000000000000000       0x1c build/stm32f1xx_hal_pwr.o
 .text.HAL_PWR_DisableSleepOnExit
                0x0000000000000000       0x1c build/stm32f1xx_hal_pwr.o
 .text.HAL_PWR_EnableSEVOnPend
                0x0000000000000000       0x1c build/stm32f1xx_hal_pwr.o
 .text.HAL_PWR_DisableSEVOnPend
                0x0000000000000000       0x1c build/stm32f1xx_hal_pwr.o
 .text.HAL_PWR_PVD_IRQHandler
                0x0000000000000000       0x24 build/stm32f1xx_hal_pwr.o
 .text.HAL_PWR_PVDCallback
                0x0000000000000000        0xc build/stm32f1xx_hal_pwr.o
 .debug_info    0x0000000000000000     0x1214 build/stm32f1xx_hal_pwr.o
 .debug_abbrev  0x0000000000000000      0x302 build/stm32f1xx_hal_pwr.o
 .debug_loc     0x0000000000000000      0x51c build/stm32f1xx_hal_pwr.o
 .debug_aranges
                0x0000000000000000       0xa8 build/stm32f1xx_hal_pwr.o
 .debug_ranges  0x0000000000000000       0x98 build/stm32f1xx_hal_pwr.o
 .debug_line    0x0000000000000000      0x4bc build/stm32f1xx_hal_pwr.o
 .debug_str     0x0000000000000000      0x94c build/stm32f1xx_hal_pwr.o
 .comment       0x0000000000000000       0x76 build/stm32f1xx_hal_pwr.o
 .debug_frame   0x0000000000000000      0x2a4 build/stm32f1xx_hal_pwr.o
 .ARM.attributes
                0x0000000000000000       0x2d build/stm32f1xx_hal_pwr.o
 .text          0x0000000000000000        0x0 build/stm32f1xx_hal_flash.o
 .data          0x0000000000000000        0x0 build/stm32f1xx_hal_flash.o
 .bss           0x0000000000000000        0x0 build/stm32f1xx_hal_flash.o
 .text.HAL_FLASH_Program
                0x0000000000000000       0xe0 build/stm32f1xx_hal_flash.o
 .text.HAL_FLASH_Program_IT
                0x0000000000000000       0x90 build/stm32f1xx_hal_flash.o
 .text.HAL_FLASH_IRQHandler
                0x0000000000000000      0x1cc build/stm32f1xx_hal_flash.o
 .text.HAL_FLASH_EndOfOperationCallback
                0x0000000000000000       0x12 build/stm32f1xx_hal_flash.o
 .text.HAL_FLASH_OperationErrorCallback
                0x0000000000000000       0x12 build/stm32f1xx_hal_flash.o
 .text.HAL_FLASH_Unlock
                0x0000000000000000       0x4c build/stm32f1xx_hal_flash.o
 .text.HAL_FLASH_Lock
                0x0000000000000000       0x20 build/stm32f1xx_hal_flash.o
 .text.HAL_FLASH_OB_Unlock
                0x0000000000000000       0x38 build/stm32f1xx_hal_flash.o
 .text.HAL_FLASH_OB_Lock
                0x0000000000000000       0x20 build/stm32f1xx_hal_flash.o
 .text.HAL_FLASH_OB_Launch
                0x0000000000000000        0xc build/stm32f1xx_hal_flash.o
 .text.HAL_FLASH_GetError
                0x0000000000000000       0x14 build/stm32f1xx_hal_flash.o
 .text.FLASH_Program_HalfWord
                0x0000000000000000       0x38 build/stm32f1xx_hal_flash.o
 .text.FLASH_WaitForLastOperation
                0x0000000000000000       0x8c build/stm32f1xx_hal_flash.o
 .text.FLASH_SetErrorCode
                0x0000000000000000       0xa0 build/stm32f1xx_hal_flash.o
 .debug_info    0x0000000000000000      0xfd8 build/stm32f1xx_hal_flash.o
 .debug_abbrev  0x0000000000000000      0x309 build/stm32f1xx_hal_flash.o
 .debug_loc     0x0000000000000000      0x448 build/stm32f1xx_hal_flash.o
 .debug_aranges
                0x0000000000000000       0x88 build/stm32f1xx_hal_flash.o
 .debug_ranges  0x0000000000000000       0x78 build/stm32f1xx_hal_flash.o
 .debug_line    0x0000000000000000      0x5f5 build/stm32f1xx_hal_flash.o
 .debug_str     0x0000000000000000      0x99d build/stm32f1xx_hal_flash.o
 .comment       0x0000000000000000       0x76 build/stm32f1xx_hal_flash.o
 .debug_frame   0x0000000000000000      0x230 build/stm32f1xx_hal_flash.o
 .ARM.attributes
                0x0000000000000000       0x2d build/stm32f1xx_hal_flash.o
 COMMON         0x0000000000000000       0x20 build/stm32f1xx_hal_flash.o
 .text          0x0000000000000000        0x0 build/stm32f1xx_hal_flash_ex.o
 .data          0x0000000000000000        0x0 build/stm32f1xx_hal_flash_ex.o
 .bss           0x0000000000000000        0x0 build/stm32f1xx_hal_flash_ex.o
 .text.HAL_FLASHEx_Erase
                0x0000000000000000       0xd8 build/stm32f1xx_hal_flash_ex.o
 .text.HAL_FLASHEx_Erase_IT
                0x0000000000000000       0x84 build/stm32f1xx_hal_flash_ex.o
 .text.HAL_FLASHEx_OBErase
                0x0000000000000000       0x84 build/stm32f1xx_hal_flash_ex.o
 .text.HAL_FLASHEx_OBProgram
                0x0000000000000000       0xf8 build/stm32f1xx_hal_flash_ex.o
 .text.HAL_FLASHEx_OBGetConfig
                0x0000000000000000       0x38 build/stm32f1xx_hal_flash_ex.o
 .text.HAL_FLASHEx_OBGetUserData
                0x0000000000000000       0x40 build/stm32f1xx_hal_flash_ex.o
 .text.FLASH_MassErase
                0x0000000000000000       0x38 build/stm32f1xx_hal_flash_ex.o
 .text.FLASH_OB_EnableWRP
                0x0000000000000000      0x144 build/stm32f1xx_hal_flash_ex.o
 .text.FLASH_OB_DisableWRP
                0x0000000000000000      0x140 build/stm32f1xx_hal_flash_ex.o
 .text.FLASH_OB_RDP_LevelConfig
                0x0000000000000000       0xa0 build/stm32f1xx_hal_flash_ex.o
 .text.FLASH_OB_UserConfig
                0x0000000000000000       0x70 build/stm32f1xx_hal_flash_ex.o
 .text.FLASH_OB_ProgramData
                0x0000000000000000       0x68 build/stm32f1xx_hal_flash_ex.o
 .text.FLASH_OB_GetWRP
                0x0000000000000000       0x14 build/stm32f1xx_hal_flash_ex.o
 .text.FLASH_OB_GetRDP
                0x0000000000000000       0x38 build/stm32f1xx_hal_flash_ex.o
 .text.FLASH_OB_GetUser
                0x0000000000000000       0x20 build/stm32f1xx_hal_flash_ex.o
 .text.FLASH_PageErase
                0x0000000000000000       0x40 build/stm32f1xx_hal_flash_ex.o
 .debug_info    0x0000000000000000     0x12b3 build/stm32f1xx_hal_flash_ex.o
 .debug_abbrev  0x0000000000000000      0x30b build/stm32f1xx_hal_flash_ex.o
 .debug_loc     0x0000000000000000      0x518 build/stm32f1xx_hal_flash_ex.o
 .debug_aranges
                0x0000000000000000       0x98 build/stm32f1xx_hal_flash_ex.o
 .debug_ranges  0x0000000000000000       0x88 build/stm32f1xx_hal_flash_ex.o
 .debug_line    0x0000000000000000      0x6f6 build/stm32f1xx_hal_flash_ex.o
 .debug_str     0x0000000000000000      0xac9 build/stm32f1xx_hal_flash_ex.o
 .comment       0x0000000000000000       0x76 build/stm32f1xx_hal_flash_ex.o
 .debug_frame   0x0000000000000000      0x288 build/stm32f1xx_hal_flash_ex.o
 .ARM.attributes
                0x0000000000000000       0x2d build/stm32f1xx_hal_flash_ex.o
 .text          0x0000000000000000        0x0 build/system_stm32f1xx.o
 .data          0x0000000000000000        0x0 build/system_stm32f1xx.o
 .bss           0x0000000000000000        0x0 build/system_stm32f1xx.o
 .rodata.APBPrescTable
                0x0000000000000000        0x8 build/system_stm32f1xx.o
 .text.SystemCoreClockUpdate
                0x0000000000000000       0xdc build/system_stm32f1xx.o
 .text          0x0000000000000000       0x14 build/startup_stm32f103xe.o
 .data          0x0000000000000000        0x0 build/startup_stm32f103xe.o
 .bss           0x0000000000000000        0x0 build/startup_stm32f103xe.o
 .text          0x0000000000000000        0x0 /mnt/d/gcc-arm-none-eabi-8-2018-q4-major/bin/../lib/gcc/arm-none-eabi/8.2.1/../../../../arm-none-eabi/lib/thumb/v7-m/nofp/libc_nano.a(lib_a-exit.o)
 .data          0x0000000000000000        0x0 /mnt/d/gcc-arm-none-eabi-8-2018-q4-major/bin/../lib/gcc/arm-none-eabi/8.2.1/../../../../arm-none-eabi/lib/thumb/v7-m/nofp/libc_nano.a(lib_a-exit.o)
 .bss           0x0000000000000000        0x0 /mnt/d/gcc-arm-none-eabi-8-2018-q4-major/bin/../lib/gcc/arm-none-eabi/8.2.1/../../../../arm-none-eabi/lib/thumb/v7-m/nofp/libc_nano.a(lib_a-exit.o)
 .text.exit     0x0000000000000000       0x28 /mnt/d/gcc-arm-none-eabi-8-2018-q4-major/bin/../lib/gcc/arm-none-eabi/8.2.1/../../../../arm-none-eabi/lib/thumb/v7-m/nofp/libc_nano.a(lib_a-exit.o)
 .debug_frame   0x0000000000000000       0x28 /mnt/d/gcc-arm-none-eabi-8-2018-q4-major/bin/../lib/gcc/arm-none-eabi/8.2.1/../../../../arm-none-eabi/lib/thumb/v7-m/nofp/libc_nano.a(lib_a-exit.o)
 .ARM.attributes
                0x0000000000000000       0x2d /mnt/d/gcc-arm-none-eabi-8-2018-q4-major/bin/../lib/gcc/arm-none-eabi/8.2.1/../../../../arm-none-eabi/lib/thumb/v7-m/nofp/libc_nano.a(lib_a-exit.o)
 .text          0x0000000000000000        0x0 /mnt/d/gcc-arm-none-eabi-8-2018-q4-major/bin/../lib/gcc/arm-none-eabi/8.2.1/../../../../arm-none-eabi/lib/thumb/v7-m/nofp/libc_nano.a(lib_a-impure.o)
 .data          0x0000000000000000        0x0 /mnt/d/gcc-arm-none-eabi-8-2018-q4-major/bin/../lib/gcc/arm-none-eabi/8.2.1/../../../../arm-none-eabi/lib/thumb/v7-m/nofp/libc_nano.a(lib_a-impure.o)
 .bss           0x0000000000000000        0x0 /mnt/d/gcc-arm-none-eabi-8-2018-q4-major/bin/../lib/gcc/arm-none-eabi/8.2.1/../../../../arm-none-eabi/lib/thumb/v7-m/nofp/libc_nano.a(lib_a-impure.o)
 .data._impure_ptr
                0x0000000000000000        0x4 /mnt/d/gcc-arm-none-eabi-8-2018-q4-major/bin/../lib/gcc/arm-none-eabi/8.2.1/../../../../arm-none-eabi/lib/thumb/v7-m/nofp/libc_nano.a(lib_a-impure.o)
 .data.impure_data
                0x0000000000000000       0x60 /mnt/d/gcc-arm-none-eabi-8-2018-q4-major/bin/../lib/gcc/arm-none-eabi/8.2.1/../../../../arm-none-eabi/lib/thumb/v7-m/nofp/libc_nano.a(lib_a-impure.o)
 .rodata._global_impure_ptr
                0x0000000000000000        0x4 /mnt/d/gcc-arm-none-eabi-8-2018-q4-major/bin/../lib/gcc/arm-none-eabi/8.2.1/../../../../arm-none-eabi/lib/thumb/v7-m/nofp/libc_nano.a(lib_a-impure.o)
 .ARM.attributes
                0x0000000000000000       0x2d /mnt/d/gcc-arm-none-eabi-8-2018-q4-major/bin/../lib/gcc/arm-none-eabi/8.2.1/../../../../arm-none-eabi/lib/thumb/v7-m/nofp/libc_nano.a(lib_a-impure.o)
 .text          0x0000000000000000        0x0 /mnt/d/gcc-arm-none-eabi-8-2018-q4-major/bin/../lib/gcc/arm-none-eabi/8.2.1/../../../../arm-none-eabi/lib/thumb/v7-m/nofp/libc_nano.a(lib_a-init.o)
 .data          0x0000000000000000        0x0 /mnt/d/gcc-arm-none-eabi-8-2018-q4-major/bin/../lib/gcc/arm-none-eabi/8.2.1/../../../../arm-none-eabi/lib/thumb/v7-m/nofp/libc_nano.a(lib_a-init.o)
 .bss           0x0000000000000000        0x0 /mnt/d/gcc-arm-none-eabi-8-2018-q4-major/bin/../lib/gcc/arm-none-eabi/8.2.1/../../../../arm-none-eabi/lib/thumb/v7-m/nofp/libc_nano.a(lib_a-init.o)
 .text          0x0000000000000000        0x0 /mnt/d/gcc-arm-none-eabi-8-2018-q4-major/bin/../lib/gcc/arm-none-eabi/8.2.1/../../../../arm-none-eabi/lib/thumb/v7-m/nofp/libc_nano.a(lib_a-memset.o)
 .data          0x0000000000000000        0x0 /mnt/d/gcc-arm-none-eabi-8-2018-q4-major/bin/../lib/gcc/arm-none-eabi/8.2.1/../../../../arm-none-eabi/lib/thumb/v7-m/nofp/libc_nano.a(lib_a-memset.o)
 .bss           0x0000000000000000        0x0 /mnt/d/gcc-arm-none-eabi-8-2018-q4-major/bin/../lib/gcc/arm-none-eabi/8.2.1/../../../../arm-none-eabi/lib/thumb/v7-m/nofp/libc_nano.a(lib_a-memset.o)
 .text          0x0000000000000000        0x0 /mnt/d/gcc-arm-none-eabi-8-2018-q4-major/bin/../lib/gcc/arm-none-eabi/8.2.1/../../../../arm-none-eabi/lib/thumb/v7-m/nofp/libnosys.a(_exit.o)
 .data          0x0000000000000000        0x0 /mnt/d/gcc-arm-none-eabi-8-2018-q4-major/bin/../lib/gcc/arm-none-eabi/8.2.1/../../../../arm-none-eabi/lib/thumb/v7-m/nofp/libnosys.a(_exit.o)
 .bss           0x0000000000000000        0x0 /mnt/d/gcc-arm-none-eabi-8-2018-q4-major/bin/../lib/gcc/arm-none-eabi/8.2.1/../../../../arm-none-eabi/lib/thumb/v7-m/nofp/libnosys.a(_exit.o)
 .text._exit    0x0000000000000000        0x4 /mnt/d/gcc-arm-none-eabi-8-2018-q4-major/bin/../lib/gcc/arm-none-eabi/8.2.1/../../../../arm-none-eabi/lib/thumb/v7-m/nofp/libnosys.a(_exit.o)
 .debug_frame   0x0000000000000000       0x20 /mnt/d/gcc-arm-none-eabi-8-2018-q4-major/bin/../lib/gcc/arm-none-eabi/8.2.1/../../../../arm-none-eabi/lib/thumb/v7-m/nofp/libnosys.a(_exit.o)
 .ARM.attributes
                0x0000000000000000       0x2d /mnt/d/gcc-arm-none-eabi-8-2018-q4-major/bin/../lib/gcc/arm-none-eabi/8.2.1/../../../../arm-none-eabi/lib/thumb/v7-m/nofp/libnosys.a(_exit.o)
 .text          0x0000000000000000        0x0 /mnt/d/gcc-arm-none-eabi-8-2018-q4-major/bin/../lib/gcc/arm-none-eabi/8.2.1/thumb/v7-m/nofp/crtend.o
 .data          0x0000000000000000        0x0 /mnt/d/gcc-arm-none-eabi-8-2018-q4-major/bin/../lib/gcc/arm-none-eabi/8.2.1/thumb/v7-m/nofp/crtend.o
 .bss           0x0000000000000000        0x0 /mnt/d/gcc-arm-none-eabi-8-2018-q4-major/bin/../lib/gcc/arm-none-eabi/8.2.1/thumb/v7-m/nofp/crtend.o
 .eh_frame      0x0000000000000000        0x4 /mnt/d/gcc-arm-none-eabi-8-2018-q4-major/bin/../lib/gcc/arm-none-eabi/8.2.1/thumb/v7-m/nofp/crtend.o
 .ARM.attributes
                0x0000000000000000       0x2d /mnt/d/gcc-arm-none-eabi-8-2018-q4-major/bin/../lib/gcc/arm-none-eabi/8.2.1/thumb/v7-m/nofp/crtend.o
 .text          0x0000000000000000        0x0 /mnt/d/gcc-arm-none-eabi-8-2018-q4-major/bin/../lib/gcc/arm-none-eabi/8.2.1/thumb/v7-m/nofp/crtn.o
 .data          0x0000000000000000        0x0 /mnt/d/gcc-arm-none-eabi-8-2018-q4-major/bin/../lib/gcc/arm-none-eabi/8.2.1/thumb/v7-m/nofp/crtn.o
 .bss           0x0000000000000000        0x0 /mnt/d/gcc-arm-none-eabi-8-2018-q4-major/bin/../lib/gcc/arm-none-eabi/8.2.1/thumb/v7-m/nofp/crtn.o

Memory Configuration

Name             Origin             Length             Attributes
RAM              0x0000000020000000 0x0000000000010000 xrw
FLASH            0x0000000008000000 0x0000000000080000 xr
*default*        0x0000000000000000 0xffffffffffffffff

Linker script and memory map

LOAD /mnt/d/gcc-arm-none-eabi-8-2018-q4-major/bin/../lib/gcc/arm-none-eabi/8.2.1/thumb/v7-m/nofp/crti.o
LOAD /mnt/d/gcc-arm-none-eabi-8-2018-q4-major/bin/../lib/gcc/arm-none-eabi/8.2.1/thumb/v7-m/nofp/crtbegin.o
LOAD /mnt/d/gcc-arm-none-eabi-8-2018-q4-major/bin/../lib/gcc/arm-none-eabi/8.2.1/../../../../arm-none-eabi/lib/thumb/v7-m/nofp/crt0.o
LOAD build/main.o
LOAD build/stm32f1xx_it.o
LOAD build/stm32f1xx_hal_msp.o
LOAD build/stm32f1xx_hal_gpio_ex.o
LOAD build/stm32f1xx_hal_tim.o
LOAD build/stm32f1xx_hal_tim_ex.o
LOAD build/stm32f1xx_hal.o
LOAD build/stm32f1xx_hal_rcc.o
LOAD build/stm32f1xx_hal_rcc_ex.o
LOAD build/stm32f1xx_hal_gpio.o
LOAD build/stm32f1xx_hal_dma.o
LOAD build/stm32f1xx_hal_cortex.o
LOAD build/stm32f1xx_hal_pwr.o
LOAD build/stm32f1xx_hal_flash.o
LOAD build/stm32f1xx_hal_flash_ex.o
LOAD build/system_stm32f1xx.o
LOAD build/startup_stm32f103xe.o
LOAD /mnt/d/gcc-arm-none-eabi-8-2018-q4-major/bin/../lib/gcc/arm-none-eabi/8.2.1/../../../../arm-none-eabi/lib/thumb/v7-m/nofp/libc_nano.a
LOAD /mnt/d/gcc-arm-none-eabi-8-2018-q4-major/bin/../lib/gcc/arm-none-eabi/8.2.1/../../../../arm-none-eabi/lib/thumb/v7-m/nofp/libm.a
LOAD /mnt/d/gcc-arm-none-eabi-8-2018-q4-major/bin/../lib/gcc/arm-none-eabi/8.2.1/../../../../arm-none-eabi/lib/thumb/v7-m/nofp/libnosys.a
START GROUP
LOAD /mnt/d/gcc-arm-none-eabi-8-2018-q4-major/bin/../lib/gcc/arm-none-eabi/8.2.1/thumb/v7-m/nofp/libgcc.a
LOAD /mnt/d/gcc-arm-none-eabi-8-2018-q4-major/bin/../lib/gcc/arm-none-eabi/8.2.1/../../../../arm-none-eabi/lib/thumb/v7-m/nofp/libc_nano.a
END GROUP
START GROUP
LOAD /mnt/d/gcc-arm-none-eabi-8-2018-q4-major/bin/../lib/gcc/arm-none-eabi/8.2.1/thumb/v7-m/nofp/libgcc.a
LOAD /mnt/d/gcc-arm-none-eabi-8-2018-q4-major/bin/../lib/gcc/arm-none-eabi/8.2.1/../../../../arm-none-eabi/lib/thumb/v7-m/nofp/libc_nano.a
END GROUP
LOAD /mnt/d/gcc-arm-none-eabi-8-2018-q4-major/bin/../lib/gcc/arm-none-eabi/8.2.1/thumb/v7-m/nofp/crtend.o
LOAD /mnt/d/gcc-arm-none-eabi-8-2018-q4-major/bin/../lib/gcc/arm-none-eabi/8.2.1/thumb/v7-m/nofp/crtn.o
                0x0000000020010000                _estack = 0x20010000
                0x0000000000000200                _Min_Heap_Size = 0x200
                0x0000000000000400                _Min_Stack_Size = 0x400

.isr_vector     0x0000000008000000      0x1e4
                0x0000000008000000                . = ALIGN (0x4)
 *(.isr_vector)
 .isr_vector    0x0000000008000000      0x1e4 build/startup_stm32f103xe.o
                0x0000000008000000                g_pfnVectors
                0x00000000080001e4                . = ALIGN (0x4)

.text           0x00000000080001e4      0xd7c
                0x00000000080001e4                . = ALIGN (0x4)
 *(.text)
 .text          0x00000000080001e4       0x40 /mnt/d/gcc-arm-none-eabi-8-2018-q4-major/bin/../lib/gcc/arm-none-eabi/8.2.1/thumb/v7-m/nofp/crtbegin.o
 *(.text*)
 .text.main     0x0000000008000224       0x2c build/main.o
                0x0000000008000224                main
 .text.SystemClock_Config
                0x0000000008000250       0x76 build/main.o
                0x0000000008000250                SystemClock_Config
 *fill*         0x00000000080002c6        0x2 
 .text.MX_GPIO_Init
                0x00000000080002c8       0x44 build/main.o
 .text.Error_Handler
                0x000000000800030c        0xc build/main.o
                0x000000000800030c                Error_Handler
 .text.NMI_Handler
                0x0000000008000318        0xc build/stm32f1xx_it.o
                0x0000000008000318                NMI_Handler
 .text.HardFault_Handler
                0x0000000008000324        0x6 build/stm32f1xx_it.o
                0x0000000008000324                HardFault_Handler
 .text.MemManage_Handler
                0x000000000800032a        0x6 build/stm32f1xx_it.o
                0x000000000800032a                MemManage_Handler
 .text.BusFault_Handler
                0x0000000008000330        0x6 build/stm32f1xx_it.o
                0x0000000008000330                BusFault_Handler
 .text.UsageFault_Handler
                0x0000000008000336        0x6 build/stm32f1xx_it.o
                0x0000000008000336                UsageFault_Handler
 .text.SVC_Handler
                0x000000000800033c        0xc build/stm32f1xx_it.o
                0x000000000800033c                SVC_Handler
 .text.DebugMon_Handler
                0x0000000008000348        0xc build/stm32f1xx_it.o
                0x0000000008000348                DebugMon_Handler
 .text.PendSV_Handler
                0x0000000008000354        0xc build/stm32f1xx_it.o
                0x0000000008000354                PendSV_Handler
 .text.SysTick_Handler
                0x0000000008000360        0xc build/stm32f1xx_it.o
                0x0000000008000360                SysTick_Handler
 .text.HAL_MspInit
                0x000000000800036c       0x64 build/stm32f1xx_hal_msp.o
                0x000000000800036c                HAL_MspInit
 .text.HAL_Init
                0x00000000080003d0       0x2c build/stm32f1xx_hal.o
                0x00000000080003d0                HAL_Init
 .text.HAL_InitTick
                0x00000000080003fc       0x60 build/stm32f1xx_hal.o
                0x00000000080003fc                HAL_InitTick
 .text.HAL_IncTick
                0x000000000800045c       0x24 build/stm32f1xx_hal.o
                0x000000000800045c                HAL_IncTick
 .text.HAL_GetTick
                0x0000000008000480       0x14 build/stm32f1xx_hal.o
                0x0000000008000480                HAL_GetTick
 .text.HAL_RCC_OscConfig
                0x0000000008000494      0x4c8 build/stm32f1xx_hal_rcc.o
                0x0000000008000494                HAL_RCC_OscConfig
 .text.HAL_RCC_ClockConfig
                0x000000000800095c      0x218 build/stm32f1xx_hal_rcc.o
                0x000000000800095c                HAL_RCC_ClockConfig
 .text.HAL_RCC_GetSysClockFreq
                0x0000000008000b74       0xc4 build/stm32f1xx_hal_rcc.o
                0x0000000008000b74                HAL_RCC_GetSysClockFreq
 .text.RCC_Delay
                0x0000000008000c38       0x3c build/stm32f1xx_hal_rcc.o
 .text.NVIC_SetPriorityGrouping
                0x0000000008000c74       0x48 build/stm32f1xx_hal_cortex.o
 .text.NVIC_GetPriorityGrouping
                0x0000000008000cbc       0x1c build/stm32f1xx_hal_cortex.o
 .text.NVIC_SetPriority
                0x0000000008000cd8       0x54 build/stm32f1xx_hal_cortex.o
 .text.NVIC_EncodePriority
                0x0000000008000d2c       0x64 build/stm32f1xx_hal_cortex.o
 .text.SysTick_Config
                0x0000000008000d90       0x44 build/stm32f1xx_hal_cortex.o
 .text.HAL_NVIC_SetPriorityGrouping
                0x0000000008000dd4       0x16 build/stm32f1xx_hal_cortex.o
                0x0000000008000dd4                HAL_NVIC_SetPriorityGrouping
 .text.HAL_NVIC_SetPriority
                0x0000000008000dea       0x38 build/stm32f1xx_hal_cortex.o
                0x0000000008000dea                HAL_NVIC_SetPriority
 .text.HAL_SYSTICK_Config
                0x0000000008000e22       0x18 build/stm32f1xx_hal_cortex.o
                0x0000000008000e22                HAL_SYSTICK_Config
 *fill*         0x0000000008000e3a        0x2 
 .text.SystemInit
                0x0000000008000e3c       0x68 build/system_stm32f1xx.o
                0x0000000008000e3c                SystemInit
 .text.Reset_Handler
                0x0000000008000ea4       0x48 build/startup_stm32f103xe.o
                0x0000000008000ea4                Reset_Handler
 .text.Default_Handler
                0x0000000008000eec        0x2 build/startup_stm32f103xe.o
                0x0000000008000eec                RTC_Alarm_IRQHandler
                0x0000000008000eec                EXTI2_IRQHandler
                0x0000000008000eec                TIM8_TRG_COM_IRQHandler
                0x0000000008000eec                TIM8_CC_IRQHandler
                0x0000000008000eec                TIM1_CC_IRQHandler
                0x0000000008000eec                TIM6_IRQHandler
                0x0000000008000eec                PVD_IRQHandler
                0x0000000008000eec                SDIO_IRQHandler
                0x0000000008000eec                EXTI3_IRQHandler
                0x0000000008000eec                EXTI0_IRQHandler
                0x0000000008000eec                I2C2_EV_IRQHandler
                0x0000000008000eec                ADC1_2_IRQHandler
                0x0000000008000eec                SPI1_IRQHandler
                0x0000000008000eec                TAMPER_IRQHandler
                0x0000000008000eec                TIM8_UP_IRQHandler
                0x0000000008000eec                DMA2_Channel2_IRQHandler
                0x0000000008000eec                DMA1_Channel4_IRQHandler
                0x0000000008000eec                USART3_IRQHandler
                0x0000000008000eec                RTC_IRQHandler
                0x0000000008000eec                DMA1_Channel7_IRQHandler
                0x0000000008000eec                CAN1_RX1_IRQHandler
                0x0000000008000eec                UART5_IRQHandler
                0x0000000008000eec                ADC3_IRQHandler
                0x0000000008000eec                TIM4_IRQHandler
                0x0000000008000eec                DMA2_Channel1_IRQHandler
                0x0000000008000eec                I2C1_EV_IRQHandler
                0x0000000008000eec                DMA1_Channel6_IRQHandler
                0x0000000008000eec                UART4_IRQHandler
                0x0000000008000eec                TIM3_IRQHandler
                0x0000000008000eec                RCC_IRQHandler
                0x0000000008000eec                TIM1_TRG_COM_IRQHandler
                0x0000000008000eec                DMA1_Channel1_IRQHandler
                0x0000000008000eec                Default_Handler
                0x0000000008000eec                EXTI15_10_IRQHandler
                0x0000000008000eec                TIM7_IRQHandler
                0x0000000008000eec                TIM5_IRQHandler
                0x0000000008000eec                EXTI9_5_IRQHandler
                0x0000000008000eec                SPI2_IRQHandler
                0x0000000008000eec                DMA1_Channel5_IRQHandler
                0x0000000008000eec                EXTI4_IRQHandler
                0x0000000008000eec                USB_LP_CAN1_RX0_IRQHandler
                0x0000000008000eec                USB_HP_CAN1_TX_IRQHandler
                0x0000000008000eec                DMA1_Channel3_IRQHandler
                0x0000000008000eec                FSMC_IRQHandler
                0x0000000008000eec                TIM1_UP_IRQHandler
                0x0000000008000eec                WWDG_IRQHandler
                0x0000000008000eec                TIM2_IRQHandler
                0x0000000008000eec                TIM1_BRK_IRQHandler
                0x0000000008000eec                EXTI1_IRQHandler
                0x0000000008000eec                DMA2_Channel4_5_IRQHandler
                0x0000000008000eec                USART2_IRQHandler
                0x0000000008000eec                I2C2_ER_IRQHandler
                0x0000000008000eec                DMA1_Channel2_IRQHandler
                0x0000000008000eec                TIM8_BRK_IRQHandler
                0x0000000008000eec                CAN1_SCE_IRQHandler
                0x0000000008000eec                FLASH_IRQHandler
                0x0000000008000eec                USART1_IRQHandler
                0x0000000008000eec                SPI3_IRQHandler
                0x0000000008000eec                I2C1_ER_IRQHandler
                0x0000000008000eec                USBWakeUp_IRQHandler
                0x0000000008000eec                DMA2_Channel3_IRQHandler
 *fill*         0x0000000008000eee        0x2 
 .text.__libc_init_array
                0x0000000008000ef0       0x48 /mnt/d/gcc-arm-none-eabi-8-2018-q4-major/bin/../lib/gcc/arm-none-eabi/8.2.1/../../../../arm-none-eabi/lib/thumb/v7-m/nofp/libc_nano.a(lib_a-init.o)
                0x0000000008000ef0                __libc_init_array
 .text.memset   0x0000000008000f38       0x10 /mnt/d/gcc-arm-none-eabi-8-2018-q4-major/bin/../lib/gcc/arm-none-eabi/8.2.1/../../../../arm-none-eabi/lib/thumb/v7-m/nofp/libc_nano.a(lib_a-memset.o)
                0x0000000008000f38                memset
 *(.glue_7)
 .glue_7        0x0000000008000f48        0x0 linker stubs
 *(.glue_7t)
 .glue_7t       0x0000000008000f48        0x0 linker stubs
 *(.eh_frame)
 .eh_frame      0x0000000008000f48        0x0 /mnt/d/gcc-arm-none-eabi-8-2018-q4-major/bin/../lib/gcc/arm-none-eabi/8.2.1/thumb/v7-m/nofp/crtbegin.o
 *(.init)
 .init          0x0000000008000f48        0x4 /mnt/d/gcc-arm-none-eabi-8-2018-q4-major/bin/../lib/gcc/arm-none-eabi/8.2.1/thumb/v7-m/nofp/crti.o
                0x0000000008000f48                _init
 .init          0x0000000008000f4c        0x8 /mnt/d/gcc-arm-none-eabi-8-2018-q4-major/bin/../lib/gcc/arm-none-eabi/8.2.1/thumb/v7-m/nofp/crtn.o
 *(.fini)
 .fini          0x0000000008000f54        0x4 /mnt/d/gcc-arm-none-eabi-8-2018-q4-major/bin/../lib/gcc/arm-none-eabi/8.2.1/thumb/v7-m/nofp/crti.o
                0x0000000008000f54                _fini
 .fini          0x0000000008000f58        0x8 /mnt/d/gcc-arm-none-eabi-8-2018-q4-major/bin/../lib/gcc/arm-none-eabi/8.2.1/thumb/v7-m/nofp/crtn.o
                0x0000000008000f60                . = ALIGN (0x4)
                0x0000000008000f60                _etext = .

.vfp11_veneer   0x0000000008000f60        0x0
 .vfp11_veneer  0x0000000008000f60        0x0 linker stubs

.v4_bx          0x0000000008000f60        0x0
 .v4_bx         0x0000000008000f60        0x0 linker stubs

.iplt           0x0000000008000f60        0x0
 .iplt          0x0000000008000f60        0x0 /mnt/d/gcc-arm-none-eabi-8-2018-q4-major/bin/../lib/gcc/arm-none-eabi/8.2.1/thumb/v7-m/nofp/crtbegin.o

.rodata         0x0000000008000f60       0x24
                0x0000000008000f60                . = ALIGN (0x4)
 *(.rodata)
 .rodata        0x0000000008000f60       0x12 build/stm32f1xx_hal_rcc.o
 *(.rodata*)
 *fill*         0x0000000008000f72        0x2 
 .rodata.AHBPrescTable
                0x0000000008000f74       0x10 build/system_stm32f1xx.o
                0x0000000008000f74                AHBPrescTable
                0x0000000008000f84                . = ALIGN (0x4)

.rel.dyn        0x0000000008000f84        0x0
 .rel.iplt      0x0000000008000f84        0x0 /mnt/d/gcc-arm-none-eabi-8-2018-q4-major/bin/../lib/gcc/arm-none-eabi/8.2.1/thumb/v7-m/nofp/crtbegin.o

.ARM.extab
 *(.ARM.extab* .gnu.linkonce.armextab.*)

.ARM            0x0000000008000f84        0x0
                0x0000000008000f84                __exidx_start = .
 *(.ARM.exidx*)
                0x0000000008000f84                __exidx_end = .

.preinit_array  0x0000000008000f84        0x0
                0x0000000008000f84                PROVIDE (__preinit_array_start = .)
 *(.preinit_array*)
                0x0000000008000f84                PROVIDE (__preinit_array_end = .)

.init_array     0x0000000008000f84        0x4
                0x0000000008000f84                PROVIDE (__init_array_start = .)
 *(SORT_BY_NAME(.init_array.*))
 *(.init_array*)
 .init_array    0x0000000008000f84        0x4 /mnt/d/gcc-arm-none-eabi-8-2018-q4-major/bin/../lib/gcc/arm-none-eabi/8.2.1/thumb/v7-m/nofp/crtbegin.o
                0x0000000008000f88                PROVIDE (__init_array_end = .)

.fini_array     0x0000000008000f88        0x4
                [!provide]                        PROVIDE (__fini_array_start = .)
 *(SORT_BY_NAME(.fini_array.*))
 *(.fini_array*)
 .fini_array    0x0000000008000f88        0x4 /mnt/d/gcc-arm-none-eabi-8-2018-q4-major/bin/../lib/gcc/arm-none-eabi/8.2.1/thumb/v7-m/nofp/crtbegin.o
                [!provide]                        PROVIDE (__fini_array_end = .)
                0x0000000008000f8c                _sidata = LOADADDR (.data)

.data           0x0000000020000000        0xc load address 0x0000000008000f8c
                0x0000000020000000                . = ALIGN (0x4)
                0x0000000020000000                _sdata = .
 *(.data)
 *(.data*)
 .data.uwTickPrio
                0x0000000020000000        0x4 build/stm32f1xx_hal.o
                0x0000000020000000                uwTickPrio
 .data.uwTickFreq
                0x0000000020000004        0x1 build/stm32f1xx_hal.o
                0x0000000020000004                uwTickFreq
 *fill*         0x0000000020000005        0x3 
 .data.SystemCoreClock
                0x0000000020000008        0x4 build/system_stm32f1xx.o
                0x0000000020000008                SystemCoreClock
                0x000000002000000c                . = ALIGN (0x4)
                0x000000002000000c                _edata = .

.igot.plt       0x000000002000000c        0x0 load address 0x0000000008000f98
 .igot.plt      0x000000002000000c        0x0 /mnt/d/gcc-arm-none-eabi-8-2018-q4-major/bin/../lib/gcc/arm-none-eabi/8.2.1/thumb/v7-m/nofp/crtbegin.o
                0x000000002000000c                . = ALIGN (0x4)

.bss            0x000000002000000c       0x20 load address 0x0000000008000f98
                0x000000002000000c                _sbss = .
                0x000000002000000c                __bss_start__ = _sbss
 *(.bss)
 .bss           0x000000002000000c       0x1c /mnt/d/gcc-arm-none-eabi-8-2018-q4-major/bin/../lib/gcc/arm-none-eabi/8.2.1/thumb/v7-m/nofp/crtbegin.o
 *(.bss*)
 *(COMMON)
 COMMON         0x0000000020000028        0x4 build/stm32f1xx_hal.o
                0x0000000020000028                uwTick
                0x000000002000002c                . = ALIGN (0x4)
                0x000000002000002c                _ebss = .
                0x000000002000002c                __bss_end__ = _ebss

._user_heap_stack
                0x000000002000002c      0x604 load address 0x0000000008000f98
                0x0000000020000030                . = ALIGN (0x8)
 *fill*         0x000000002000002c        0x4 
                [!provide]                        PROVIDE (end = .)
                [!provide]                        PROVIDE (_end = .)
                0x0000000020000230                . = (. + _Min_Heap_Size)
 *fill*         0x0000000020000030      0x200 
                0x0000000020000630                . = (. + _Min_Stack_Size)
 *fill*         0x0000000020000230      0x400 
                0x0000000020000630                . = ALIGN (0x8)

/DISCARD/
 libc.a(*)
 libm.a(*)
 libgcc.a(*)

.ARM.attributes
                0x0000000000000000       0x29
 *(.ARM.attributes)
 .ARM.attributes
                0x0000000000000000       0x1d /mnt/d/gcc-arm-none-eabi-8-2018-q4-major/bin/../lib/gcc/arm-none-eabi/8.2.1/thumb/v7-m/nofp/crti.o
 .ARM.attributes
                0x000000000000001d       0x2d /mnt/d/gcc-arm-none-eabi-8-2018-q4-major/bin/../lib/gcc/arm-none-eabi/8.2.1/thumb/v7-m/nofp/crtbegin.o
 .ARM.attributes
                0x000000000000004a       0x2d build/main.o
 .ARM.attributes
                0x0000000000000077       0x2d build/stm32f1xx_it.o
 .ARM.attributes
                0x00000000000000a4       0x2d build/stm32f1xx_hal_msp.o
 .ARM.attributes
                0x00000000000000d1       0x2d build/stm32f1xx_hal.o
 .ARM.attributes
                0x00000000000000fe       0x2d build/stm32f1xx_hal_rcc.o
 .ARM.attributes
                0x000000000000012b       0x2d build/stm32f1xx_hal_cortex.o
 .ARM.attributes
                0x0000000000000158       0x2d build/system_stm32f1xx.o
 .ARM.attributes
                0x0000000000000185       0x21 build/startup_stm32f103xe.o
 .ARM.attributes
                0x00000000000001a6       0x2d /mnt/d/gcc-arm-none-eabi-8-2018-q4-major/bin/../lib/gcc/arm-none-eabi/8.2.1/../../../../arm-none-eabi/lib/thumb/v7-m/nofp/libc_nano.a(lib_a-init.o)
 .ARM.attributes
                0x00000000000001d3       0x2d /mnt/d/gcc-arm-none-eabi-8-2018-q4-major/bin/../lib/gcc/arm-none-eabi/8.2.1/../../../../arm-none-eabi/lib/thumb/v7-m/nofp/libc_nano.a(lib_a-memset.o)
 .ARM.attributes
                0x0000000000000200       0x1d /mnt/d/gcc-arm-none-eabi-8-2018-q4-major/bin/../lib/gcc/arm-none-eabi/8.2.1/thumb/v7-m/nofp/crtn.o
OUTPUT(build/stm32_learning.elf elf32-littlearm)

.debug_info     0x0000000000000000     0x7018
 .debug_info    0x0000000000000000      0xe16 build/main.o
 .debug_info    0x0000000000000e16      0xbcc build/stm32f1xx_it.o
 .debug_info    0x00000000000019e2      0xca1 build/stm32f1xx_hal_msp.o
 .debug_info    0x0000000000002683     0x11d5 build/stm32f1xx_hal.o
 .debug_info    0x0000000000003858     0x12cf build/stm32f1xx_hal_rcc.o
 .debug_info    0x0000000000004b27     0x1687 build/stm32f1xx_hal_cortex.o
 .debug_info    0x00000000000061ae      0xe48 build/system_stm32f1xx.o
 .debug_info    0x0000000000006ff6       0x22 build/startup_stm32f103xe.o

.debug_abbrev   0x0000000000000000     0x12c0
 .debug_abbrev  0x0000000000000000      0x26b build/main.o
 .debug_abbrev  0x000000000000026b      0x1ec build/stm32f1xx_it.o
 .debug_abbrev  0x0000000000000457      0x208 build/stm32f1xx_hal_msp.o
 .debug_abbrev  0x000000000000065f      0x318 build/stm32f1xx_hal.o
 .debug_abbrev  0x0000000000000977      0x348 build/stm32f1xx_hal_rcc.o
 .debug_abbrev  0x0000000000000cbf      0x3b6 build/stm32f1xx_hal_cortex.o
 .debug_abbrev  0x0000000000001075      0x239 build/system_stm32f1xx.o
 .debug_abbrev  0x00000000000012ae       0x12 build/startup_stm32f103xe.o

.debug_loc      0x0000000000000000     0x1776
 .debug_loc     0x0000000000000000      0x12a build/main.o
 .debug_loc     0x000000000000012a      0x1ec build/stm32f1xx_it.o
 .debug_loc     0x0000000000000316       0x5c build/stm32f1xx_hal_msp.o
 .debug_loc     0x0000000000000372      0x628 build/stm32f1xx_hal.o
 .debug_loc     0x000000000000099a      0x444 build/stm32f1xx_hal_rcc.o
 .debug_loc     0x0000000000000dde      0x8f8 build/stm32f1xx_hal_cortex.o
 .debug_loc     0x00000000000016d6       0xa0 build/system_stm32f1xx.o

.debug_aranges  0x0000000000000000      0x368
 .debug_aranges
                0x0000000000000000       0x38 build/main.o
 .debug_aranges
                0x0000000000000038       0x60 build/stm32f1xx_it.o
 .debug_aranges
                0x0000000000000098       0x20 build/stm32f1xx_hal_msp.o
 .debug_aranges
                0x00000000000000b8       0xd0 build/stm32f1xx_hal.o
 .debug_aranges
                0x0000000000000188       0x90 build/stm32f1xx_hal_rcc.o
 .debug_aranges
                0x0000000000000218      0x100 build/stm32f1xx_hal_cortex.o
 .debug_aranges
                0x0000000000000318       0x28 build/system_stm32f1xx.o
 .debug_aranges
                0x0000000000000340       0x28 build/startup_stm32f103xe.o

.debug_ranges   0x0000000000000000      0x2f0
 .debug_ranges  0x0000000000000000       0x28 build/main.o
 .debug_ranges  0x0000000000000028       0x50 build/stm32f1xx_it.o
 .debug_ranges  0x0000000000000078       0x10 build/stm32f1xx_hal_msp.o
 .debug_ranges  0x0000000000000088       0xc0 build/stm32f1xx_hal.o
 .debug_ranges  0x0000000000000148       0x80 build/stm32f1xx_hal_rcc.o
 .debug_ranges  0x00000000000001c8       0xf0 build/stm32f1xx_hal_cortex.o
 .debug_ranges  0x00000000000002b8       0x18 build/system_stm32f1xx.o
 .debug_ranges  0x00000000000002d0       0x20 build/startup_stm32f103xe.o

.debug_line     0x0000000000000000     0x1fea
 .debug_line    0x0000000000000000      0x2f5 build/main.o
 .debug_line    0x00000000000002f5      0x2bd build/stm32f1xx_it.o
 .debug_line    0x00000000000005b2      0x225 build/stm32f1xx_hal_msp.o
 .debug_line    0x00000000000007d7      0x4d2 build/stm32f1xx_hal.o
 .debug_line    0x0000000000000ca9      0x951 build/stm32f1xx_hal_rcc.o
 .debug_line    0x00000000000015fa      0x6a6 build/stm32f1xx_hal_cortex.o
 .debug_line    0x0000000000001ca0      0x2d8 build/system_stm32f1xx.o
 .debug_line    0x0000000000001f78       0x72 build/startup_stm32f103xe.o

.debug_str      0x0000000000000000     0x146a
 .debug_str     0x0000000000000000      0x781 build/main.o
                                        0x7f2 (size before relaxing)
 .debug_str     0x0000000000000781       0xa8 build/stm32f1xx_it.o
                                        0x6db (size before relaxing)
 .debug_str     0x0000000000000829       0x57 build/stm32f1xx_hal_msp.o
                                        0x6d0 (size before relaxing)
 .debug_str     0x0000000000000880      0x60d build/stm32f1xx_hal.o
                                        0xcc1 (size before relaxing)
 .debug_str     0x0000000000000e8d      0x256 build/stm32f1xx_hal_rcc.o
                                        0xa67 (size before relaxing)
 .debug_str     0x00000000000010e3      0x313 build/stm32f1xx_hal_cortex.o
                                        0xe2e (size before relaxing)
 .debug_str     0x00000000000013f6       0x4f build/system_stm32f1xx.o
                                        0x725 (size before relaxing)
 .debug_str     0x0000000000001445       0x25 build/startup_stm32f103xe.o
                                         0x4f (size before relaxing)

.comment        0x0000000000000000       0x75
 .comment       0x0000000000000000       0x75 build/main.o
                                         0x76 (size before relaxing)
 .comment       0x0000000000000075       0x76 build/stm32f1xx_it.o
 .comment       0x0000000000000075       0x76 build/stm32f1xx_hal_msp.o
 .comment       0x0000000000000075       0x76 build/stm32f1xx_hal.o
 .comment       0x0000000000000075       0x76 build/stm32f1xx_hal_rcc.o
 .comment       0x0000000000000075       0x76 build/stm32f1xx_hal_cortex.o
 .comment       0x0000000000000075       0x76 build/system_stm32f1xx.o

.debug_frame    0x0000000000000000      0xc98
 .debug_frame   0x0000000000000000       0xa4 build/main.o
 .debug_frame   0x00000000000000a4      0x12c build/stm32f1xx_it.o
 .debug_frame   0x00000000000001d0       0x38 build/stm32f1xx_hal_msp.o
 .debug_frame   0x0000000000000208      0x34c build/stm32f1xx_hal.o
 .debug_frame   0x0000000000000554      0x23c build/stm32f1xx_hal_rcc.o
 .debug_frame   0x0000000000000790      0x460 build/stm32f1xx_hal_cortex.o
 .debug_frame   0x0000000000000bf0       0x5c build/system_stm32f1xx.o
 .debug_frame   0x0000000000000c4c       0x2c /mnt/d/gcc-arm-none-eabi-8-2018-q4-major/bin/../lib/gcc/arm-none-eabi/8.2.1/../../../../arm-none-eabi/lib/thumb/v7-m/nofp/libc_nano.a(lib_a-init.o)
 .debug_frame   0x0000000000000c78       0x20 /mnt/d/gcc-arm-none-eabi-8-2018-q4-major/bin/../lib/gcc/arm-none-eabi/8.2.1/../../../../arm-none-eabi/lib/thumb/v7-m/nofp/libc_nano.a(lib_a-memset.o)

Cross Reference Table

Symbol                                            File
ADC1_2_IRQHandler                                 build/startup_stm32f103xe.o
ADC3_IRQHandler                                   build/startup_stm32f103xe.o
AHBPrescTable                                     build/system_stm32f1xx.o
                                                  build/stm32f1xx_hal_rcc.o
APBPrescTable                                     build/system_stm32f1xx.o
                                                  build/stm32f1xx_hal_rcc.o
BusFault_Handler                                  build/stm32f1xx_it.o
CAN1_RX1_IRQHandler                               build/startup_stm32f103xe.o
CAN1_SCE_IRQHandler                               build/startup_stm32f103xe.o
DMA1_Channel1_IRQHandler                          build/startup_stm32f103xe.o
DMA1_Channel2_IRQHandler                          build/startup_stm32f103xe.o
DMA1_Channel3_IRQHandler                          build/startup_stm32f103xe.o
DMA1_Channel4_IRQHandler                          build/startup_stm32f103xe.o
DMA1_Channel5_IRQHandler                          build/startup_stm32f103xe.o
DMA1_Channel6_IRQHandler                          build/startup_stm32f103xe.o
DMA1_Channel7_IRQHandler                          build/startup_stm32f103xe.o
DMA2_Channel1_IRQHandler                          build/startup_stm32f103xe.o
DMA2_Channel2_IRQHandler                          build/startup_stm32f103xe.o
DMA2_Channel3_IRQHandler                          build/startup_stm32f103xe.o
DMA2_Channel4_5_IRQHandler                        build/startup_stm32f103xe.o
DebugMon_Handler                                  build/stm32f1xx_it.o
Default_Handler                                   build/startup_stm32f103xe.o
EXTI0_IRQHandler                                  build/startup_stm32f103xe.o
EXTI15_10_IRQHandler                              build/startup_stm32f103xe.o
EXTI1_IRQHandler                                  build/startup_stm32f103xe.o
EXTI2_IRQHandler                                  build/startup_stm32f103xe.o
EXTI3_IRQHandler                                  build/startup_stm32f103xe.o
EXTI4_IRQHandler                                  build/startup_stm32f103xe.o
EXTI9_5_IRQHandler                                build/startup_stm32f103xe.o
Error_Handler                                     build/main.o
FLASH_IRQHandler                                  build/startup_stm32f103xe.o
FLASH_PageErase                                   build/stm32f1xx_hal_flash_ex.o
                                                  build/stm32f1xx_hal_flash.o
FLASH_WaitForLastOperation                        build/stm32f1xx_hal_flash.o
                                                  build/stm32f1xx_hal_flash_ex.o
FSMC_IRQHandler                                   build/startup_stm32f103xe.o
HAL_DBGMCU_DisableDBGSleepMode                    build/stm32f1xx_hal.o
HAL_DBGMCU_DisableDBGStandbyMode                  build/stm32f1xx_hal.o
HAL_DBGMCU_DisableDBGStopMode                     build/stm32f1xx_hal.o
HAL_DBGMCU_EnableDBGSleepMode                     build/stm32f1xx_hal.o
HAL_DBGMCU_EnableDBGStandbyMode                   build/stm32f1xx_hal.o
HAL_DBGMCU_EnableDBGStopMode                      build/stm32f1xx_hal.o
HAL_DMA_Abort                                     build/stm32f1xx_hal_dma.o
HAL_DMA_Abort_IT                                  build/stm32f1xx_hal_dma.o
HAL_DMA_DeInit                                    build/stm32f1xx_hal_dma.o
HAL_DMA_GetError                                  build/stm32f1xx_hal_dma.o
HAL_DMA_GetState                                  build/stm32f1xx_hal_dma.o
HAL_DMA_IRQHandler                                build/stm32f1xx_hal_dma.o
HAL_DMA_Init                                      build/stm32f1xx_hal_dma.o
HAL_DMA_PollForTransfer                           build/stm32f1xx_hal_dma.o
HAL_DMA_RegisterCallback                          build/stm32f1xx_hal_dma.o
HAL_DMA_Start                                     build/stm32f1xx_hal_dma.o
HAL_DMA_Start_IT                                  build/stm32f1xx_hal_dma.o
HAL_DMA_UnRegisterCallback                        build/stm32f1xx_hal_dma.o
HAL_DeInit                                        build/stm32f1xx_hal.o
HAL_Delay                                         build/stm32f1xx_hal.o
HAL_FLASHEx_Erase                                 build/stm32f1xx_hal_flash_ex.o
HAL_FLASHEx_Erase_IT                              build/stm32f1xx_hal_flash_ex.o
HAL_FLASHEx_OBErase                               build/stm32f1xx_hal_flash_ex.o
HAL_FLASHEx_OBGetConfig                           build/stm32f1xx_hal_flash_ex.o
HAL_FLASHEx_OBGetUserData                         build/stm32f1xx_hal_flash_ex.o
HAL_FLASHEx_OBProgram                             build/stm32f1xx_hal_flash_ex.o
HAL_FLASH_EndOfOperationCallback                  build/stm32f1xx_hal_flash.o
HAL_FLASH_GetError                                build/stm32f1xx_hal_flash.o
HAL_FLASH_IRQHandler                              build/stm32f1xx_hal_flash.o
HAL_FLASH_Lock                                    build/stm32f1xx_hal_flash.o
HAL_FLASH_OB_Launch                               build/stm32f1xx_hal_flash.o
HAL_FLASH_OB_Lock                                 build/stm32f1xx_hal_flash.o
HAL_FLASH_OB_Unlock                               build/stm32f1xx_hal_flash.o
HAL_FLASH_OperationErrorCallback                  build/stm32f1xx_hal_flash.o
HAL_FLASH_Program                                 build/stm32f1xx_hal_flash.o
HAL_FLASH_Program_IT                              build/stm32f1xx_hal_flash.o
HAL_FLASH_Unlock                                  build/stm32f1xx_hal_flash.o
HAL_GPIOEx_ConfigEventout                         build/stm32f1xx_hal_gpio_ex.o
HAL_GPIOEx_DisableEventout                        build/stm32f1xx_hal_gpio_ex.o
HAL_GPIOEx_EnableEventout                         build/stm32f1xx_hal_gpio_ex.o
HAL_GPIO_DeInit                                   build/stm32f1xx_hal_gpio.o
HAL_GPIO_EXTI_Callback                            build/stm32f1xx_hal_gpio.o
HAL_GPIO_EXTI_IRQHandler                          build/stm32f1xx_hal_gpio.o
HAL_GPIO_Init                                     build/stm32f1xx_hal_gpio.o
                                                  build/stm32f1xx_hal_rcc.o
HAL_GPIO_LockPin                                  build/stm32f1xx_hal_gpio.o
HAL_GPIO_ReadPin                                  build/stm32f1xx_hal_gpio.o
HAL_GPIO_TogglePin                                build/stm32f1xx_hal_gpio.o
HAL_GPIO_WritePin                                 build/stm32f1xx_hal_gpio.o
HAL_GetDEVID                                      build/stm32f1xx_hal.o
HAL_GetHalVersion                                 build/stm32f1xx_hal.o
HAL_GetREVID                                      build/stm32f1xx_hal.o
HAL_GetTick                                       build/stm32f1xx_hal.o
                                                  build/stm32f1xx_hal_flash.o
                                                  build/stm32f1xx_hal_dma.o
                                                  build/stm32f1xx_hal_rcc_ex.o
                                                  build/stm32f1xx_hal_rcc.o
HAL_GetTickFreq                                   build/stm32f1xx_hal.o
HAL_GetTickPrio                                   build/stm32f1xx_hal.o
HAL_GetUID                                        build/stm32f1xx_hal.o
HAL_IncTick                                       build/stm32f1xx_hal.o
                                                  build/stm32f1xx_it.o
HAL_Init                                          build/stm32f1xx_hal.o
                                                  build/main.o
HAL_InitTick                                      build/stm32f1xx_hal.o
                                                  build/stm32f1xx_hal_rcc.o
HAL_MspDeInit                                     build/stm32f1xx_hal.o
HAL_MspInit                                       build/stm32f1xx_hal_msp.o
HAL_NVIC_ClearPendingIRQ                          build/stm32f1xx_hal_cortex.o
HAL_NVIC_DisableIRQ                               build/stm32f1xx_hal_cortex.o
HAL_NVIC_EnableIRQ                                build/stm32f1xx_hal_cortex.o
HAL_NVIC_GetActive                                build/stm32f1xx_hal_cortex.o
HAL_NVIC_GetPendingIRQ                            build/stm32f1xx_hal_cortex.o
HAL_NVIC_GetPriority                              build/stm32f1xx_hal_cortex.o
HAL_NVIC_GetPriorityGrouping                      build/stm32f1xx_hal_cortex.o
HAL_NVIC_SetPendingIRQ                            build/stm32f1xx_hal_cortex.o
HAL_NVIC_SetPriority                              build/stm32f1xx_hal_cortex.o
                                                  build/stm32f1xx_hal.o
HAL_NVIC_SetPriorityGrouping                      build/stm32f1xx_hal_cortex.o
                                                  build/stm32f1xx_hal.o
HAL_NVIC_SystemReset                              build/stm32f1xx_hal_cortex.o
                                                  build/stm32f1xx_hal_flash.o
HAL_PWR_ConfigPVD                                 build/stm32f1xx_hal_pwr.o
HAL_PWR_DeInit                                    build/stm32f1xx_hal_pwr.o
HAL_PWR_DisableBkUpAccess                         build/stm32f1xx_hal_pwr.o
HAL_PWR_DisablePVD                                build/stm32f1xx_hal_pwr.o
HAL_PWR_DisableSEVOnPend                          build/stm32f1xx_hal_pwr.o
HAL_PWR_DisableSleepOnExit                        build/stm32f1xx_hal_pwr.o
HAL_PWR_DisableWakeUpPin                          build/stm32f1xx_hal_pwr.o
HAL_PWR_EnableBkUpAccess                          build/stm32f1xx_hal_pwr.o
HAL_PWR_EnablePVD                                 build/stm32f1xx_hal_pwr.o
HAL_PWR_EnableSEVOnPend                           build/stm32f1xx_hal_pwr.o
HAL_PWR_EnableSleepOnExit                         build/stm32f1xx_hal_pwr.o
HAL_PWR_EnableWakeUpPin                           build/stm32f1xx_hal_pwr.o
HAL_PWR_EnterSLEEPMode                            build/stm32f1xx_hal_pwr.o
HAL_PWR_EnterSTANDBYMode                          build/stm32f1xx_hal_pwr.o
HAL_PWR_EnterSTOPMode                             build/stm32f1xx_hal_pwr.o
HAL_PWR_PVDCallback                               build/stm32f1xx_hal_pwr.o
HAL_PWR_PVD_IRQHandler                            build/stm32f1xx_hal_pwr.o
HAL_RCCEx_GetPeriphCLKConfig                      build/stm32f1xx_hal_rcc_ex.o
HAL_RCCEx_GetPeriphCLKFreq                        build/stm32f1xx_hal_rcc_ex.o
HAL_RCCEx_PeriphCLKConfig                         build/stm32f1xx_hal_rcc_ex.o
HAL_RCC_CSSCallback                               build/stm32f1xx_hal_rcc.o
HAL_RCC_ClockConfig                               build/stm32f1xx_hal_rcc.o
                                                  build/main.o
HAL_RCC_DeInit                                    build/stm32f1xx_hal_rcc.o
HAL_RCC_DisableCSS                                build/stm32f1xx_hal_rcc.o
HAL_RCC_EnableCSS                                 build/stm32f1xx_hal_rcc.o
HAL_RCC_GetClockConfig                            build/stm32f1xx_hal_rcc.o
HAL_RCC_GetHCLKFreq                               build/stm32f1xx_hal_rcc.o
HAL_RCC_GetOscConfig                              build/stm32f1xx_hal_rcc.o
HAL_RCC_GetPCLK1Freq                              build/stm32f1xx_hal_rcc.o
HAL_RCC_GetPCLK2Freq                              build/stm32f1xx_hal_rcc.o
                                                  build/stm32f1xx_hal_rcc_ex.o
HAL_RCC_GetSysClockFreq                           build/stm32f1xx_hal_rcc.o
                                                  build/stm32f1xx_hal_rcc_ex.o
HAL_RCC_MCOConfig                                 build/stm32f1xx_hal_rcc.o
HAL_RCC_NMI_IRQHandler                            build/stm32f1xx_hal_rcc.o
HAL_RCC_OscConfig                                 build/stm32f1xx_hal_rcc.o
                                                  build/main.o
HAL_ResumeTick                                    build/stm32f1xx_hal.o
HAL_SYSTICK_CLKSourceConfig                       build/stm32f1xx_hal_cortex.o
HAL_SYSTICK_Callback                              build/stm32f1xx_hal_cortex.o
HAL_SYSTICK_Config                                build/stm32f1xx_hal_cortex.o
                                                  build/stm32f1xx_hal.o
HAL_SYSTICK_IRQHandler                            build/stm32f1xx_hal_cortex.o
HAL_SetTickFreq                                   build/stm32f1xx_hal.o
HAL_SuspendTick                                   build/stm32f1xx_hal.o
HardFault_Handler                                 build/stm32f1xx_it.o
I2C1_ER_IRQHandler                                build/startup_stm32f103xe.o
I2C1_EV_IRQHandler                                build/startup_stm32f103xe.o
I2C2_ER_IRQHandler                                build/startup_stm32f103xe.o
I2C2_EV_IRQHandler                                build/startup_stm32f103xe.o
MemManage_Handler                                 build/stm32f1xx_it.o
NMI_Handler                                       build/stm32f1xx_it.o
PVD_IRQHandler                                    build/startup_stm32f103xe.o
PendSV_Handler                                    build/stm32f1xx_it.o
RCC_IRQHandler                                    build/startup_stm32f103xe.o
RTC_Alarm_IRQHandler                              build/startup_stm32f103xe.o
RTC_IRQHandler                                    build/startup_stm32f103xe.o
Reset_Handler                                     build/startup_stm32f103xe.o
SDIO_IRQHandler                                   build/startup_stm32f103xe.o
SPI1_IRQHandler                                   build/startup_stm32f103xe.o
SPI2_IRQHandler                                   build/startup_stm32f103xe.o
SPI3_IRQHandler                                   build/startup_stm32f103xe.o
SVC_Handler                                       build/stm32f1xx_it.o
SysTick_Handler                                   build/stm32f1xx_it.o
SystemClock_Config                                build/main.o
SystemCoreClock                                   build/system_stm32f1xx.o
                                                  build/stm32f1xx_hal_rcc.o
                                                  build/stm32f1xx_hal.o
SystemCoreClockUpdate                             build/system_stm32f1xx.o
SystemInit                                        build/system_stm32f1xx.o
                                                  build/startup_stm32f103xe.o
TAMPER_IRQHandler                                 build/startup_stm32f103xe.o
TIM1_BRK_IRQHandler                               build/startup_stm32f103xe.o
TIM1_CC_IRQHandler                                build/startup_stm32f103xe.o
TIM1_TRG_COM_IRQHandler                           build/startup_stm32f103xe.o
TIM1_UP_IRQHandler                                build/startup_stm32f103xe.o
TIM2_IRQHandler                                   build/startup_stm32f103xe.o
TIM3_IRQHandler                                   build/startup_stm32f103xe.o
TIM4_IRQHandler                                   build/startup_stm32f103xe.o
TIM5_IRQHandler                                   build/startup_stm32f103xe.o
TIM6_IRQHandler                                   build/startup_stm32f103xe.o
TIM7_IRQHandler                                   build/startup_stm32f103xe.o
TIM8_BRK_IRQHandler                               build/startup_stm32f103xe.o
TIM8_CC_IRQHandler                                build/startup_stm32f103xe.o
TIM8_TRG_COM_IRQHandler                           build/startup_stm32f103xe.o
TIM8_UP_IRQHandler                                build/startup_stm32f103xe.o
UART4_IRQHandler                                  build/startup_stm32f103xe.o
UART5_IRQHandler                                  build/startup_stm32f103xe.o
USART1_IRQHandler                                 build/startup_stm32f103xe.o
USART2_IRQHandler                                 build/startup_stm32f103xe.o
USART3_IRQHandler                                 build/startup_stm32f103xe.o
USBWakeUp_IRQHandler                              build/startup_stm32f103xe.o
USB_HP_CAN1_TX_IRQHandler                         build/startup_stm32f103xe.o
USB_LP_CAN1_RX0_IRQHandler                        build/startup_stm32f103xe.o
UsageFault_Handler                                build/stm32f1xx_it.o
WWDG_IRQHandler                                   build/startup_stm32f103xe.o
__bss_end__                                       /mnt/d/gcc-arm-none-eabi-8-2018-q4-major/bin/../lib/gcc/arm-none-eabi/8.2.1/../../../../arm-none-eabi/lib/thumb/v7-m/nofp/crt0.o
__bss_start__                                     /mnt/d/gcc-arm-none-eabi-8-2018-q4-major/bin/../lib/gcc/arm-none-eabi/8.2.1/../../../../arm-none-eabi/lib/thumb/v7-m/nofp/crt0.o
__call_exitprocs                                  /mnt/d/gcc-arm-none-eabi-8-2018-q4-major/bin/../lib/gcc/arm-none-eabi/8.2.1/../../../../arm-none-eabi/lib/thumb/v7-m/nofp/libc_nano.a(lib_a-exit.o)
__deregister_frame_info                           /mnt/d/gcc-arm-none-eabi-8-2018-q4-major/bin/../lib/gcc/arm-none-eabi/8.2.1/thumb/v7-m/nofp/crtbegin.o
__dso_handle                                      /mnt/d/gcc-arm-none-eabi-8-2018-q4-major/bin/../lib/gcc/arm-none-eabi/8.2.1/thumb/v7-m/nofp/crtbegin.o
__init_array_end                                  /mnt/d/gcc-arm-none-eabi-8-2018-q4-major/bin/../lib/gcc/arm-none-eabi/8.2.1/../../../../arm-none-eabi/lib/thumb/v7-m/nofp/libc_nano.a(lib_a-init.o)
__init_array_start                                /mnt/d/gcc-arm-none-eabi-8-2018-q4-major/bin/../lib/gcc/arm-none-eabi/8.2.1/../../../../arm-none-eabi/lib/thumb/v7-m/nofp/libc_nano.a(lib_a-init.o)
__libc_fini_array                                 /mnt/d/gcc-arm-none-eabi-8-2018-q4-major/bin/../lib/gcc/arm-none-eabi/8.2.1/../../../../arm-none-eabi/lib/thumb/v7-m/nofp/crt0.o
__libc_init_array                                 /mnt/d/gcc-arm-none-eabi-8-2018-q4-major/bin/../lib/gcc/arm-none-eabi/8.2.1/../../../../arm-none-eabi/lib/thumb/v7-m/nofp/libc_nano.a(lib_a-init.o)
                                                  build/startup_stm32f103xe.o
                                                  /mnt/d/gcc-arm-none-eabi-8-2018-q4-major/bin/../lib/gcc/arm-none-eabi/8.2.1/../../../../arm-none-eabi/lib/thumb/v7-m/nofp/crt0.o
__preinit_array_end                               /mnt/d/gcc-arm-none-eabi-8-2018-q4-major/bin/../lib/gcc/arm-none-eabi/8.2.1/../../../../arm-none-eabi/lib/thumb/v7-m/nofp/libc_nano.a(lib_a-init.o)
__preinit_array_start                             /mnt/d/gcc-arm-none-eabi-8-2018-q4-major/bin/../lib/gcc/arm-none-eabi/8.2.1/../../../../arm-none-eabi/lib/thumb/v7-m/nofp/libc_nano.a(lib_a-init.o)
__register_frame_info                             /mnt/d/gcc-arm-none-eabi-8-2018-q4-major/bin/../lib/gcc/arm-none-eabi/8.2.1/thumb/v7-m/nofp/crtbegin.o
__sf_fake_stderr                                  /mnt/d/gcc-arm-none-eabi-8-2018-q4-major/bin/../lib/gcc/arm-none-eabi/8.2.1/../../../../arm-none-eabi/lib/thumb/v7-m/nofp/libc_nano.a(lib_a-impure.o)
__sf_fake_stdin                                   /mnt/d/gcc-arm-none-eabi-8-2018-q4-major/bin/../lib/gcc/arm-none-eabi/8.2.1/../../../../arm-none-eabi/lib/thumb/v7-m/nofp/libc_nano.a(lib_a-impure.o)
__sf_fake_stdout                                  /mnt/d/gcc-arm-none-eabi-8-2018-q4-major/bin/../lib/gcc/arm-none-eabi/8.2.1/../../../../arm-none-eabi/lib/thumb/v7-m/nofp/libc_nano.a(lib_a-impure.o)
__stack                                           /mnt/d/gcc-arm-none-eabi-8-2018-q4-major/bin/../lib/gcc/arm-none-eabi/8.2.1/../../../../arm-none-eabi/lib/thumb/v7-m/nofp/crt0.o
_ebss                                             build/startup_stm32f103xe.o
_edata                                            build/startup_stm32f103xe.o
_estack                                           build/startup_stm32f103xe.o
_exit                                             /mnt/d/gcc-arm-none-eabi-8-2018-q4-major/bin/../lib/gcc/arm-none-eabi/8.2.1/../../../../arm-none-eabi/lib/thumb/v7-m/nofp/libnosys.a(_exit.o)
                                                  /mnt/d/gcc-arm-none-eabi-8-2018-q4-major/bin/../lib/gcc/arm-none-eabi/8.2.1/../../../../arm-none-eabi/lib/thumb/v7-m/nofp/libc_nano.a(lib_a-exit.o)
_fini                                             /mnt/d/gcc-arm-none-eabi-8-2018-q4-major/bin/../lib/gcc/arm-none-eabi/8.2.1/thumb/v7-m/nofp/crti.o
_global_impure_ptr                                /mnt/d/gcc-arm-none-eabi-8-2018-q4-major/bin/../lib/gcc/arm-none-eabi/8.2.1/../../../../arm-none-eabi/lib/thumb/v7-m/nofp/libc_nano.a(lib_a-impure.o)
                                                  /mnt/d/gcc-arm-none-eabi-8-2018-q4-major/bin/../lib/gcc/arm-none-eabi/8.2.1/../../../../arm-none-eabi/lib/thumb/v7-m/nofp/libc_nano.a(lib_a-exit.o)
_impure_ptr                                       /mnt/d/gcc-arm-none-eabi-8-2018-q4-major/bin/../lib/gcc/arm-none-eabi/8.2.1/../../../../arm-none-eabi/lib/thumb/v7-m/nofp/libc_nano.a(lib_a-impure.o)
_init                                             /mnt/d/gcc-arm-none-eabi-8-2018-q4-major/bin/../lib/gcc/arm-none-eabi/8.2.1/thumb/v7-m/nofp/crti.o
                                                  /mnt/d/gcc-arm-none-eabi-8-2018-q4-major/bin/../lib/gcc/arm-none-eabi/8.2.1/../../../../arm-none-eabi/lib/thumb/v7-m/nofp/libc_nano.a(lib_a-init.o)
_mainCRTStartup                                   /mnt/d/gcc-arm-none-eabi-8-2018-q4-major/bin/../lib/gcc/arm-none-eabi/8.2.1/../../../../arm-none-eabi/lib/thumb/v7-m/nofp/crt0.o
_sbss                                             build/startup_stm32f103xe.o
_sdata                                            build/startup_stm32f103xe.o
_sidata                                           build/startup_stm32f103xe.o
_start                                            /mnt/d/gcc-arm-none-eabi-8-2018-q4-major/bin/../lib/gcc/arm-none-eabi/8.2.1/../../../../arm-none-eabi/lib/thumb/v7-m/nofp/crt0.o
atexit                                            /mnt/d/gcc-arm-none-eabi-8-2018-q4-major/bin/../lib/gcc/arm-none-eabi/8.2.1/../../../../arm-none-eabi/lib/thumb/v7-m/nofp/crt0.o
exit                                              /mnt/d/gcc-arm-none-eabi-8-2018-q4-major/bin/../lib/gcc/arm-none-eabi/8.2.1/../../../../arm-none-eabi/lib/thumb/v7-m/nofp/libc_nano.a(lib_a-exit.o)
                                                  /mnt/d/gcc-arm-none-eabi-8-2018-q4-major/bin/../lib/gcc/arm-none-eabi/8.2.1/../../../../arm-none-eabi/lib/thumb/v7-m/nofp/crt0.o
g_pfnVectors                                      build/startup_stm32f103xe.o
hardware_init_hook                                /mnt/d/gcc-arm-none-eabi-8-2018-q4-major/bin/../lib/gcc/arm-none-eabi/8.2.1/../../../../arm-none-eabi/lib/thumb/v7-m/nofp/crt0.o
main                                              build/main.o
                                                  build/startup_stm32f103xe.o
                                                  /mnt/d/gcc-arm-none-eabi-8-2018-q4-major/bin/../lib/gcc/arm-none-eabi/8.2.1/../../../../arm-none-eabi/lib/thumb/v7-m/nofp/crt0.o
memset                                            /mnt/d/gcc-arm-none-eabi-8-2018-q4-major/bin/../lib/gcc/arm-none-eabi/8.2.1/../../../../arm-none-eabi/lib/thumb/v7-m/nofp/libc_nano.a(lib_a-memset.o)
                                                  build/main.o
                                                  /mnt/d/gcc-arm-none-eabi-8-2018-q4-major/bin/../lib/gcc/arm-none-eabi/8.2.1/../../../../arm-none-eabi/lib/thumb/v7-m/nofp/crt0.o
pFlash                                            build/stm32f1xx_hal_flash.o
                                                  build/stm32f1xx_hal_flash_ex.o
software_init_hook                                /mnt/d/gcc-arm-none-eabi-8-2018-q4-major/bin/../lib/gcc/arm-none-eabi/8.2.1/../../../../arm-none-eabi/lib/thumb/v7-m/nofp/crt0.o
uwTick                                            build/stm32f1xx_hal.o
uwTickFreq                                        build/stm32f1xx_hal.o
uwTickPrio                                        build/stm32f1xx_hal.o
